// Jest Snapshot v1, https://goo.gl/fbAQLP

exports[`<Img /> should match the snapshot 1`] = `
.c0 {
  display: block;
  width: 10%;
  margin: auto;
}

<img
  alt="test"
  className="c0"
  src="http://example.com/test.jpg"
/>
`;
