// Jest Snapshot v1, https://goo.gl/fbAQLP

exports[`<RetailerPage /> should render and match the snapshot 1`] = `
<article>
  <div
    class="Container-sc-7ubm28-0 bbWRub"
  />
</article>
`;
